PowerShell 7.6.0-preview.4
PS C:\Users\kushal> Set-Location "C:\code\MyMultiplicationDrills\multiplicationdrill\"; yarn lint; Get-Date -Format "yyyy-MM-dd HH:mm:ss"; git status; Get-Date -Format "yyyy-MM-dd HH:mm:ss"; git remote show origin; Get-Date -Format "yyyy-MM-dd HH:mm:ss"; yarn; Get-Date -Format "yyyy-MM-dd HH:mm:ss"; yarn build; Get-Date -Format "yyyy-MM-dd HH:mm:ss"; yarn test --run; Get-Date -Format "yyyy-MM-dd HH:mm:ss"; yarn outdated; Get-Date -Format "yyyy-MM-dd HH:mm:ss"; yarn test:coverage:ci; Get-Date -Format "yyyy-MM-dd HH:mm:ss"; if (Test-Path "coverage\coverage-summary.json") { yarn coverage:check }; Get-Date -Format "yyyy-MM-dd HH:mm:ss"; yarn test:all; Get-Date -Format "yyyy-MM-dd HH:mm:ss"
yarn run v1.22.22
$ eslint src --ext ts,tsx --report-unused-disable-directives --max-warnings 0
Done in 31.07s.
2025-08-16 10:29:28
On branch master
Your branch is up to date with 'origin/master'.

nothing to commit, working tree clean
2025-08-16 10:29:28
* remote origin
  Fetch URL: git@github.com:multiplicationdrill/multiplicationdrill.github.io.git
  Push  URL: git@github.com:multiplicationdrill/multiplicationdrill.github.io.git
  HEAD branch: master
  Remote branch:
    master tracked
  Local branch configured for 'git pull':
    master merges with remote master
  Local ref configured for 'git push':
    master pushes to master (up to date)
2025-08-16 10:29:29
yarn install v1.22.22
[1/4] Resolving packages...
success Already up-to-date.
Done in 0.67s.
2025-08-16 10:29:30
yarn run v1.22.22
$ tsc && vite build
vite v7.1.1 building for production...
✓ 8 modules transformed.
dist/index.html                3.58 kB │ gzip: 0.96 kB
dist/assets/main-BM380m_5.css  5.57 kB │ gzip: 1.67 kB
dist/assets/main-CCctR4zu.js   8.36 kB │ gzip: 2.70 kB │ map: 29.18 kB
✓ built in 583ms
Done in 12.15s.
2025-08-16 10:29:43
yarn run v1.22.22
$ vitest --run

 RUN  v3.2.4 C:/code/MyMultiplicationDrills/multiplicationdrill

 ✓ src/__tests__/state.test.ts (9 tests) 17ms
 ✓ src/__tests__/signals.test.ts (9 tests) 21ms
 ✓ src/__tests__/utils.test.ts (14 tests) 70ms

 Test Files  3 passed (3)
      Tests  32 passed (32)
   Start at  10:29:46
   Duration  20.13s (transform 445ms, setup 0ms, collect 762ms, tests 107ms, environment 55.22s, prepare 1.89s)

Done in 23.08s.
2025-08-16 10:30:06
yarn outdated v1.22.22
info Color legend :
 "<red>"    : Major Update backward-incompatible updates
 "<yellow>" : Minor Update backward-compatible features
 "<green>"  : Patch Update backward-compatible bug fixes
Package                          Current Wanted Latest Package Type    URL
@types/node                      24.2.1  24.3.0 24.3.0 devDependencies https://github.com/DefinitelyTyped/DefinitelyTyped/tree/master/types/node
@typescript-eslint/eslint-plugin 8.39.0  8.39.1 8.39.1 devDependencies https://typescript-eslint.io/packages/eslint-plugin
@typescript-eslint/parser        8.39.0  8.39.1 8.39.1 devDependencies https://typescript-eslint.io/packages/parser
vite                             7.1.1   7.1.2  7.1.2  devDependencies https://vite.dev
Done in 3.13s.
2025-08-16 10:30:10
yarn run v1.22.22
$ vitest run --coverage

 RUN  v3.2.4 C:/code/MyMultiplicationDrills/multiplicationdrill
      Coverage enabled with v8

 ✓ src/__tests__/signals.test.ts (9 tests) 20ms
 ✓ src/__tests__/state.test.ts (9 tests) 14ms
 ✓ src/__tests__/utils.test.ts (14 tests) 71ms

 Test Files  3 passed (3)
      Tests  32 passed (32)
   Start at  10:30:12
   Duration  3.55s (transform 357ms, setup 0ms, collect 610ms, tests 105ms, environment 5.74s, prepare 1.14s)

 % Coverage report from v8
------------|---------|----------|---------|---------|-------------------
File        | % Stmts | % Branch | % Funcs | % Lines | Uncovered Line #s
------------|---------|----------|---------|---------|-------------------
All files   |   95.81 |    90.76 |   95.65 |   95.81 |
 signals.ts |    97.1 |      100 |   91.66 |    97.1 | 30-31
 state.ts   |     100 |      100 |     100 |     100 |
 types.ts   |       0 |        0 |       0 |       0 |
 utils.ts   |    92.2 |    81.25 |     100 |    92.2 | 53,63-64,71-72,80
------------|---------|----------|---------|---------|-------------------
Done in 8.19s.
2025-08-16 10:30:19
2025-08-16 10:30:19
yarn run v1.22.22
$ yarn test:coverage && yarn test:e2e
$ vitest run --coverage

 RUN  v3.2.4 C:/code/MyMultiplicationDrills/multiplicationdrill
      Coverage enabled with v8

 ✓ src/__tests__/signals.test.ts (9 tests) 21ms
 ✓ src/__tests__/state.test.ts (9 tests) 15ms
 ✓ src/__tests__/utils.test.ts (14 tests) 67ms

 Test Files  3 passed (3)
      Tests  32 passed (32)
   Start at  10:30:21
   Duration  3.61s (transform 401ms, setup 0ms, collect 706ms, tests 103ms, environment 5.73s, prepare 1.12s)

 % Coverage report from v8
------------|---------|----------|---------|---------|-------------------
File        | % Stmts | % Branch | % Funcs | % Lines | Uncovered Line #s
------------|---------|----------|---------|---------|-------------------
All files   |   95.81 |    90.76 |   95.65 |   95.81 |
 signals.ts |    97.1 |      100 |   91.66 |    97.1 | 30-31
 state.ts   |     100 |      100 |     100 |     100 |
 types.ts   |       0 |        0 |       0 |       0 |
 utils.ts   |    92.2 |    81.25 |     100 |    92.2 | 53,63-64,71-72,80
------------|---------|----------|---------|---------|-------------------
$ playwright test

Running 33 tests using 5 workers
  33 passed (1.1m)

To open last HTML report run:

  yarn playwright show-report

Done in 89.39s.
2025-08-16 10:31:49
PS C:\code\MyMultiplicationDrills\multiplicationdrill> yarn upgrade
yarn upgrade v1.22.22
[1/4] Resolving packages...
[2/4] Fetching packages...
[3/4] Linking dependencies...
[4/4] Rebuilding all packages...
success Saved lockfile.
success Saved 202 new dependencies.
info Direct dependencies
├─ @playwright/test@1.54.2
├─ @types/node@24.3.0
├─ @typescript-eslint/eslint-plugin@8.39.1
├─ @typescript-eslint/parser@8.39.1
├─ @vitest/coverage-v8@3.2.4
├─ @vitest/ui@3.2.4
├─ eslint@9.33.0
├─ jsdom@26.1.0
├─ typescript@5.9.2
├─ vite@7.1.2
└─ vitest@3.2.4
info All dependencies
├─ @ampproject/remapping@2.3.0
├─ @asamuzakjp/css-color@3.2.0
├─ @babel/helper-string-parser@7.27.1
├─ @babel/helper-validator-identifier@7.27.1
├─ @babel/parser@7.28.3
├─ @babel/types@7.28.2
├─ @bcoe/v8-coverage@1.0.2
├─ @csstools/color-helpers@5.0.2
├─ @csstools/css-calc@2.1.4
├─ @csstools/css-color-parser@3.0.10
├─ @csstools/css-parser-algorithms@3.0.5
├─ @csstools/css-tokenizer@3.0.4
├─ @esbuild/win32-x64@0.25.9
├─ @eslint-community/eslint-utils@4.7.0
├─ @eslint-community/regexpp@4.12.1
├─ @eslint/config-array@0.21.0
├─ @eslint/config-helpers@0.3.1
├─ @eslint/eslintrc@3.3.1
├─ @eslint/js@9.33.0
├─ @eslint/object-schema@2.1.6
├─ @eslint/plugin-kit@0.3.5
├─ @humanfs/core@0.19.1
├─ @humanfs/node@0.16.6
├─ @humanwhocodes/module-importer@1.0.1
├─ @humanwhocodes/retry@0.4.3
├─ @isaacs/cliui@8.0.2
├─ @istanbuljs/schema@0.1.3
├─ @jridgewell/gen-mapping@0.3.13
├─ @jridgewell/resolve-uri@3.1.2
├─ @jridgewell/sourcemap-codec@1.5.5
├─ @nodelib/fs.scandir@2.1.5
├─ @nodelib/fs.stat@2.0.5
├─ @nodelib/fs.walk@1.2.8
├─ @pkgjs/parseargs@0.11.0
├─ @playwright/test@1.54.2
├─ @polka/url@1.0.0-next.29
├─ @rollup/rollup-win32-x64-msvc@4.46.2
├─ @types/deep-eql@4.0.2
├─ @types/estree@1.0.8
├─ @types/node@24.3.0
├─ @typescript-eslint/eslint-plugin@8.39.1
├─ @typescript-eslint/parser@8.39.1
├─ @typescript-eslint/project-service@8.39.1
├─ @typescript-eslint/tsconfig-utils@8.39.1
├─ @typescript-eslint/type-utils@8.39.1
├─ @vitest/coverage-v8@3.2.4
├─ @vitest/expect@3.2.4
├─ @vitest/mocker@3.2.4
├─ @vitest/runner@3.2.4
├─ @vitest/snapshot@3.2.4
├─ @vitest/ui@3.2.4
├─ acorn-jsx@5.3.2
├─ acorn@8.15.0
├─ agent-base@7.1.4
├─ ansi-styles@4.3.0
├─ argparse@2.0.1
├─ assertion-error@2.0.1
├─ ast-v8-to-istanbul@0.3.4
├─ brace-expansion@1.1.12
├─ braces@3.0.3
├─ cac@6.7.14
├─ callsites@3.1.0
├─ chalk@4.1.2
├─ check-error@2.1.1
├─ color-convert@2.0.1
├─ color-name@1.1.4
├─ concat-map@0.0.1
├─ cssstyle@4.6.0
├─ data-urls@5.0.0
├─ decimal.js@10.6.0
├─ deep-eql@5.0.2
├─ deep-is@0.1.4
├─ eastasianwidth@0.2.0
├─ entities@6.0.1
├─ es-module-lexer@1.7.0
├─ esbuild@0.25.9
├─ escape-string-regexp@4.0.0
├─ eslint-scope@8.4.0
├─ eslint@9.33.0
├─ espree@10.4.0
├─ esquery@1.6.0
├─ esrecurse@4.3.0
├─ esutils@2.0.3
├─ expect-type@1.2.2
├─ fast-deep-equal@3.1.3
├─ fast-glob@3.3.3
├─ fast-json-stable-stringify@2.1.0
├─ fast-levenshtein@2.0.6
├─ fastq@1.19.1
├─ fdir@6.5.0
├─ fflate@0.8.2
├─ file-entry-cache@8.0.0
├─ fill-range@7.1.1
├─ find-up@5.0.0
├─ flat-cache@4.0.1
├─ flatted@3.3.3
├─ foreground-child@3.3.1
├─ glob-parent@6.0.2
├─ glob@10.4.5
├─ globals@14.0.0
├─ graphemer@1.4.0
├─ has-flag@4.0.0
├─ html-encoding-sniffer@4.0.0
├─ html-escaper@2.0.2
├─ http-proxy-agent@7.0.2
├─ https-proxy-agent@7.0.6
├─ iconv-lite@0.6.3
├─ import-fresh@3.3.1
├─ imurmurhash@0.1.4
├─ is-extglob@2.1.1
├─ is-glob@4.0.3
├─ is-number@7.0.0
├─ is-potential-custom-element-name@1.0.1
├─ isexe@2.0.0
├─ istanbul-lib-report@3.0.1
├─ istanbul-lib-source-maps@5.0.6
├─ istanbul-reports@3.1.7
├─ jackspeak@3.4.3
├─ js-yaml@4.1.0
├─ jsdom@26.1.0
├─ json-buffer@3.0.1
├─ json-schema-traverse@0.4.1
├─ json-stable-stringify-without-jsonify@1.0.1
├─ keyv@4.5.4
├─ locate-path@6.0.0
├─ lodash.merge@4.6.2
├─ loupe@3.2.0
├─ lru-cache@10.4.3
├─ magicast@0.3.5
├─ make-dir@4.0.0
├─ merge2@1.4.1
├─ micromatch@4.0.8
├─ minipass@7.1.2
├─ mrmime@2.0.1
├─ ms@2.1.3
├─ nanoid@3.3.11
├─ nwsapi@2.2.21
├─ optionator@0.9.4
├─ p-limit@3.1.0
├─ p-locate@5.0.0
├─ package-json-from-dist@1.0.1
├─ parent-module@1.0.1
├─ parse5@7.3.0
├─ path-exists@4.0.0
├─ path-key@3.1.1
├─ path-scurry@1.11.1
├─ pathval@2.0.1
├─ picocolors@1.1.1
├─ picomatch@4.0.3
├─ playwright-core@1.54.2
├─ playwright@1.54.2
├─ postcss@8.5.6
├─ punycode@2.3.1
├─ queue-microtask@1.2.3
├─ resolve-from@4.0.0
├─ reusify@1.1.0
├─ rollup@4.46.2
├─ run-parallel@1.2.0
├─ safer-buffer@2.1.2
├─ saxes@6.0.0
├─ semver@7.7.2
├─ shebang-command@2.0.0
├─ shebang-regex@3.0.0
├─ siginfo@2.0.0
├─ signal-exit@4.1.0
├─ sirv@3.0.1
├─ source-map-js@1.2.1
├─ stackback@0.0.2
├─ string-width-cjs@4.2.3
├─ string-width@5.1.2
├─ strip-ansi-cjs@6.0.1
├─ strip-json-comments@3.1.1
├─ strip-literal@3.0.0
├─ symbol-tree@3.2.4
├─ test-exclude@7.0.1
├─ tinybench@2.9.0
├─ tinyexec@0.3.2
├─ tinypool@1.1.1
├─ tinyspy@4.0.3
├─ tldts-core@6.1.86
├─ tldts@6.1.86
├─ to-regex-range@5.0.1
├─ totalist@3.0.1
├─ tough-cookie@5.1.2
├─ tr46@5.1.1
├─ type-check@0.4.0
├─ typescript@5.9.2
├─ undici-types@7.10.0
├─ uri-js@4.4.1
├─ vite-node@3.2.4
├─ vite@7.1.2
├─ vitest@3.2.4
├─ w3c-xmlserializer@5.0.0
├─ whatwg-url@14.2.0
├─ which@2.0.2
├─ why-is-node-running@2.3.0
├─ word-wrap@1.2.5
├─ wrap-ansi-cjs@7.0.0
├─ wrap-ansi@8.1.0
├─ ws@8.18.3
├─ xmlchars@2.2.0
└─ yocto-queue@0.1.0
Done in 29.34s.
PS C:\code\MyMultiplicationDrills\multiplicationdrill>
