PowerShell 7.6.0-preview.4
PS C:\Users\kushal> cd C:\code\
PS C:\code> mkdir MyMultiplicationDrills

    Directory: C:\code

Mode                 LastWriteTime         Length Name
----                 -------------         ------ ----
d----            8/3/2025  4:39 AM                MyMultiplicationDrills

PS C:\code> cd C:\code\MyMultiplicationDrills\
PS C:\code\MyMultiplicationDrills> yarn create vite multiplicationdrill --template vanilla-ts
yarn create v1.22.22
[1/4] Resolving packages...
[2/4] Fetching packages...
[3/4] Linking dependencies...
[4/4] Building fresh packages...

success Installed "create-vite@7.0.3" with binaries:
      - create-vite
      - cva
│
◇  Scaffolding project in C:\code\MyMultiplicationDrills\multiplicationdrill...
│
└  Done. Now run:

  cd multiplicationdrill
  yarn
  yarn dev

Done in 2.61s.
PS C:\code\MyMultiplicationDrills> cd C:\code\MyMultiplicationDrills\multiplicationdrill\
PS C:\code\MyMultiplicationDrills\multiplicationdrill> git status
fatal: not a git repository (or any of the parent directories): .git
PS C:\code\MyMultiplicationDrills\multiplicationdrill> git init
hint: Using 'master' as the name for the initial branch. This default branch name
hint: is subject to change. To configure the initial branch name to use in all
hint: of your new repositories, which will suppress this warning, call:
hint:
hint:   git config --global init.defaultBranch <name>
hint:
hint: Names commonly chosen instead of 'master' are 'main', 'trunk' and
hint: 'development'. The just-created branch can be renamed via this command:
hint:
hint:   git branch -m <name>
Initialized empty Git repository in C:/code/MyMultiplicationDrills/multiplicationdrill/.git/
PS C:\code\MyMultiplicationDrills\multiplicationdrill> ls

    Directory: C:\code\MyMultiplicationDrills\multiplicationdrill

Mode                 LastWriteTime         Length Name
----                 -------------         ------ ----
d----            8/3/2025  4:40 AM                public
d----            8/3/2025  4:40 AM                src
-a---            8/3/2025  4:40 AM            253 .gitignore
-a---            8/3/2025  4:40 AM            356 index.html
-a---            8/3/2025  4:40 AM            277 package.json
-a---            8/3/2025  4:40 AM            607 tsconfig.json

PS C:\code\MyMultiplicationDrills\multiplicationdrill> code C:\code\MyMultiplicationDrills\multiplicationdrill\
code: The term 'code' is not recognized as a name of a cmdlet, function, script file, or executable program.
Check the spelling of the name, or if a path was included, verify that the path is correct and try again.
PS C:\code\MyMultiplicationDrills\multiplicationdrill> git remote add origin git@github.com:multiplicationdrill/multiplicationdrill.github.io.git
PS C:\code\MyMultiplicationDrills\multiplicationdrill> code C:\code\MyMultiplicationDrills\multiplicationdrill\
code: The term 'code' is not recognized as a name of a cmdlet, function, script file, or executable program.
Check the spelling of the name, or if a path was included, verify that the path is correct and try again.
PS C:\code\MyMultiplicationDrills\multiplicationdrill> Set-Location "C:\code\MyMultiplicationDrills\multiplicationdrill\";  Get-Date -Format "yyyy-MM-dd HH:mm:ss"; yarn;  Get-Date -Format "yyyy-MM-dd HH:mm:ss";
2025-08-03 05:10:19
yarn install v1.22.22
info No lockfile found.
[1/4] Resolving packages...
warning @vitest/coverage-v8 > test-exclude > glob@7.2.3: Glob versions prior to v9 are no longer supported
warning @vitest/coverage-v8 > test-exclude > glob > inflight@1.0.6: This module is not supported, and leaks memory. Do not use it. Check out lru-cache if you want a good and tested way to coalesce async requests by a key value, which is much more comprehensive and powerful.
warning eslint@8.57.1: This version is no longer supported. Please see https://eslint.org/version-support for other options.
warning eslint > @humanwhocodes/config-array@0.13.0: Use @eslint/config-array instead
warning eslint > @humanwhocodes/config-array > @humanwhocodes/object-schema@2.0.3: Use @eslint/object-schema instead
warning eslint > file-entry-cache > flat-cache > rimraf@3.0.2: Rimraf versions prior to v4 are no longer supported
warning eslint > file-entry-cache > flat-cache > rimraf > glob@7.2.3: Glob versions prior to v9 are no longer supported
[2/4] Fetching packages...
[3/4] Linking dependencies...
[4/4] Building fresh packages...
success Saved lockfile.
Done in 50.36s.
2025-08-03 05:11:10
PS C:\code\MyMultiplicationDrills\multiplicationdrill>





PS C:\code\MyMultiplicationDrills\multiplicationdrill> Set-Location "C:\code\MyMultiplicationDrills\multiplicationdrill\";  Get-Date -Format "yyyy-MM-dd HH:mm:ss"; yarn;  Get-Date -Format "yyyy-MM-dd HH:mm:ss"; yarn build; Get-Date -Format "yyyy-MM-dd HH:mm:ss";
2025-08-03 05:13:18
yarn install v1.22.22
[1/4] Resolving packages...
success Already up-to-date.
Done in 0.46s.
2025-08-03 05:13:19
yarn run v1.22.22
$ tsc && vite build
src/app.ts:137:3 - error TS2322: Type 'Timeout' is not assignable to type 'number'.

137   autoUpdateTimer = setInterval(() => {
      ~~~~~~~~~~~~~~~


Found 1 error in src/app.ts:137

error Command failed with exit code 2.
info Visit https://yarnpkg.com/en/docs/cli/run for documentation about this command.
2025-08-03 05:13:25

The error is due to TypeScript's strict typing for `setTimeout`/`setInterval` return types. In Node.js, these return a `Timeout` object, while in the browser they return a `number`. Let's fix this:Now the build should work. The `ReturnType<typeof setInterval>` type will automatically resolve to the correct type whether in Node.js or browser environment.

Try running the build again:
```bash
yarn build
```

This should resolve the TypeScript error and allow the build to complete successfully.

